// Jest Snapshot v1, https://goo.gl/fbAQLP

exports[`Card Component should match the snapshot without crash 1`] = `ReactWrapper {}`;
